API Key found: True
Listing models...
models/embedding-gecko-001
models/gemini-2.5-flash
models/gemini-2.5-pro
models/gemini-2.0-flash-exp
models/gemini-2.0-flash
models/gemini-2.0-flash-001
models/gemini-2.0-flash-exp-image-generation
models/gemini-2.0-flash-lite-001
models/gemini-2.0-flash-lite
models/gemini-2.0-flash-lite-preview-02-05
models/gemini-2.0-flash-lite-preview
models/gemini-2.0-pro-exp
models/gemini-2.0-pro-exp-02-05
models/gemini-exp-1206
models/gemini-2.5-flash-preview-tts
models/gemini-2.5-pro-preview-tts
models/learnlm-2.0-flash-experimental
models/gemma-3-1b-it
models/gemma-3-4b-it
models/gemma-3-12b-it
models/gemma-3-27b-it
models/gemma-3n-e4b-it
models/gemma-3n-e2b-it
models/gemini-flash-latest
models/gemini-flash-lite-latest
models/gemini-pro-latest
models/gemini-2.5-flash-lite
models/gemini-2.5-flash-image-preview
models/gemini-2.5-flash-image
models/gemini-2.5-flash-preview-09-2025
models/gemini-2.5-flash-lite-preview-09-2025
models/gemini-3-pro-preview
models/gemini-3-pro-image-preview
models/nano-banana-pro-preview
models/gemini-robotics-er-1.5-preview
models/gemini-2.5-computer-use-preview-10-2025
models/embedding-001
models/text-embedding-004
models/gemini-embedding-exp-03-07
models/gemini-embedding-exp
models/gemini-embedding-001
models/aqa
models/imagen-4.0-generate-preview-06-06
models/imagen-4.0-ultra-generate-preview-06-06
models/imagen-4.0-generate-001
models/imagen-4.0-ultra-generate-001
models/imagen-4.0-fast-generate-001
models/veo-2.0-generate-001
models/veo-3.0-generate-001
models/veo-3.0-fast-generate-001
models/veo-3.1-generate-preview
models/veo-3.1-fast-generate-preview
models/gemini-2.0-flash-live-001
models/gemini-live-2.5-flash-preview
models/gemini-2.5-flash-live-preview
models/gemini-2.5-flash-native-audio-latest
models/gemini-2.5-flash-native-audio-preview-09-2025
Trying gemini-1.5-flash...
FAILED gemini-1.5-flash: 404 NOT_FOUND. {'error': {'code': 404, 'message': 'models/gemini-1.5-flash is not found for API version v1beta, or is not supported for generateContent. Call ListModels to see the list of available models and their supported methods.', 'status': 'NOT_FOUND'}}
Trying gemini-1.5-flash-001...
FAILED gemini-1.5-flash-001: 404 NOT_FOUND. {'error': {'code': 404, 'message': 'models/gemini-1.5-flash-001 is not found for API version v1beta, or is not supported for generateContent. Call ListModels to see the list of available models and their supported methods.', 'status': 'NOT_FOUND'}}
Trying gemini-1.5-pro...
FAILED gemini-1.5-pro: 404 NOT_FOUND. {'error': {'code': 404, 'message': 'models/gemini-1.5-pro is not found for API version v1beta, or is not supported for generateContent. Call ListModels to see the list of available models and their supported methods.', 'status': 'NOT_FOUND'}}
Trying gemini-pro...
FAILED gemini-pro: 404 NOT_FOUND. {'error': {'code': 404, 'message': 'models/gemini-pro is not found for API version v1beta, or is not supported for generateContent. Call ListModels to see the list of available models and their supported methods.', 'status': 'NOT_FOUND'}}
Trying gemini-1.0-pro...
FAILED gemini-1.0-pro: 404 NOT_FOUND. {'error': {'code': 404, 'message': 'models/gemini-1.0-pro is not found for API version v1beta, or is not supported for generateContent. Call ListModels to see the list of available models and their supported methods.', 'status': 'NOT_FOUND'}}
Response received:
Error: name 'response' is not defined
