### Análisis de Recurrencia

**Ecuación Original:** `T(n) = T(n - 2) + T(n - 1) + 4
Base case: 5 (Condition: n<=1)`

> **Nota:** Los términos constantes (ej: `+ c`) representan el costo fijo de las operaciones internas (comparaciones, sumas, retornos) en cada paso de la recursión.

#### 1. Identificación de Términos
La recurrencia depende de términos anteriores como: T(n-1), T(n-2).
Esto indica una **Recurrencia Lineal Homogénea**.

#### 2. Método de Resolución: Ecuación Característica
Transformamos la recurrencia en un polinomio característico sustituyendo `T(n)` por `r^n`.
Las raíces de este polinomio determinan la tasa de crecimiento.

#### 3. Paso a Paso
- Encontramos las raíces del polinomio: 1/2 - sqrt(5)/2, 1/2 + sqrt(5)/2.
- La **raíz dominante** es `1/2 + sqrt(5)/2`.
- Esta raíz dicta la base del crecimiento exponencial.
- Notamos la presencia de `(1+sqrt(5))/2` (Phi approx 1.618), típico de Fibonacci.

#### 4. Resultado Final
La complejidad es **Theta((phi)^n)**.
> Dado que la estructura recursiva es fija (siempre hace las mismas llamadas), la complejidad es **Exponencial** en todos los casos (Mejor, Promedio y Peor).